#
# There is insufficient memory for the Java Runtime Environment to continue.
# Native memory allocation (malloc) failed to allocate 1547232 bytes for Chunk::new
# Possible reasons:
#   The system is out of physical RAM or swap space
#   The process is running with CompressedOops enabled, and the Java Heap may be blocking the growth of the native heap
# Possible solutions:
#   Reduce memory load on the system
#   Increase physical memory or swap space
#   Check if swap backing store is full
#   Decrease Java heap size (-Xmx/-Xms)
#   Decrease number of Java threads
#   Decrease Java thread stack sizes (-Xss)
#   Set larger code cache with -XX:ReservedCodeCacheSize=
#   JVM is running with Unscaled Compressed Oops mode in which the Java heap is
#     placed in the first 4GB address space. The Java Heap base address is the
#     maximum limit for the native heap growth. Please use -XX:HeapBaseMinAddress
#     to set the Java Heap base and to place the Java Heap above 4GB virtual address.
# This output file may be truncated or incomplete.
#
#  Out of Memory Error (arena.cpp:184), pid=27756, tid=11668
#
# JRE version: OpenJDK Runtime Environment (20.0.1+9) (build 20.0.1+9-29)
# Java VM: OpenJDK 64-Bit Server VM (20.0.1+9-29, mixed mode, sharing, tiered, compressed oops, compressed class ptrs, g1 gc, windows-amd64)
# No core dump will be written. Minidumps are not enabled by default on client versions of Windows
#

---------------  S U M M A R Y ------------

Command Line: -Dspring.profiles.active=dev -javaagent:D:\IntelliJ IDEA 2025.2.4\lib\idea_rt.jar=62207 -Dfile.encoding=UTF-8 -Dsun.stdout.encoding=UTF-8 -Dsun.stderr.encoding=UTF-8 com.nw2.parcel.ParcelApplication

Host: AMD Ryzen 7 3700U with Radeon Vega Mobile Gfx  , 8 cores, 5G,  Windows 11 , 64 bit Build 26100 (10.0.26100.6725)
Time: Sun Nov  9 00:46:30 2025 SE Asia Standard Time elapsed time: 5.634946 seconds (0d 0h 0m 5s)

---------------  T H R E A D  ---------------

Current thread (0x0000014eb7ae9e80):  JavaThread "C2 CompilerThread1" daemon [_thread_in_native, id=11668, stack(0x00000037d4900000,0x00000037d4a00000)]


Current CompileTask:
C2:   5635 2040       4       java.lang.invoke.MethodType::makeImpl (109 bytes)

Stack: [0x00000037d4900000,0x00000037d4a00000]
Native frames: (J=compiled Java code, j=interpreted, Vv=VM code, C=native code)
V  [jvm.dll+0x6bb95a]
V  [jvm.dll+0x8485fa]
V  [jvm.dll+0x84a1f5]
V  [jvm.dll+0x84a8f3]
V  [jvm.dll+0x280b0f]
V  [jvm.dll+0xc2b11]
V  [jvm.dll+0xc2e35]
V  [jvm.dll+0x3bb17c]
V  [jvm.dll+0x3857f5]
V  [jvm.dll+0x384c6a]
V  [jvm.dll+0x24b259]
V  [jvm.dll+0x24a651]
V  [jvm.dll+0x1ce491]
V  [jvm.dll+0x259e1b]
V  [jvm.dll+0x2584f0]
V  [jvm.dll+0x3f2895]
V  [jvm.dll+0x7f4b56]
V  [jvm.dll+0x6ba5cb]
C  [ucrtbase.dll+0x37b0]
C  [KERNEL32.DLL+0x2e8d7]
C  [ntdll.dll+0x8c53c]


---------------  P R O C E S S  ---------------

Threads class SMR info:
_java_thread_list=0x0000014eb7bd4c50, length=14, elements={
0x0000014e966268e0, 0x0000014eb24b1280, 0x0000014eb24b1dc0, 0x0000014eb24b5ff0,
0x0000014eb24b6f40, 0x0000014eb24be7c0, 0x0000014eb24bdd20, 0x0000014eb24c6550,
0x0000014eb24c77a0, 0x0000014eb24be270, 0x0000014eb24bd7d0, 0x0000014eb24bd280,
0x0000014eb7ae9e80, 0x0000014eb24bc7e0
}

Java Threads: ( => current thread )
  0x0000014e966268e0 JavaThread "main" [_thread_blocked, id=16520, stack(0x00000037d3900000,0x00000037d3a00000)]
  0x0000014eb24b1280 JavaThread "Reference Handler" daemon [_thread_blocked, id=16476, stack(0x00000037d4000000,0x00000037d4100000)]
  0x0000014eb24b1dc0 JavaThread "Finalizer" daemon [_thread_blocked, id=18296, stack(0x00000037d4100000,0x00000037d4200000)]
  0x0000014eb24b5ff0 JavaThread "Signal Dispatcher" daemon [_thread_blocked, id=22328, stack(0x00000037d4200000,0x00000037d4300000)]
  0x0000014eb24b6f40 JavaThread "Attach Listener" daemon [_thread_blocked, id=6676, stack(0x00000037d4300000,0x00000037d4400000)]
  0x0000014eb24be7c0 JavaThread "Service Thread" daemon [_thread_blocked, id=16092, stack(0x00000037d4400000,0x00000037d4500000)]
  0x0000014eb24bdd20 JavaThread "Monitor Deflation Thread" daemon [_thread_blocked, id=5464, stack(0x00000037d4500000,0x00000037d4600000)]
  0x0000014eb24c6550 JavaThread "C2 CompilerThread0" daemon [_thread_blocked, id=17508, stack(0x00000037d4600000,0x00000037d4700000)]
  0x0000014eb24c77a0 JavaThread "C1 CompilerThread0" daemon [_thread_blocked, id=12968, stack(0x00000037d4700000,0x00000037d4800000)]
  0x0000014eb24be270 JavaThread "Common-Cleaner" daemon [_thread_blocked, id=17108, stack(0x00000037d4800000,0x00000037d4900000)]
  0x0000014eb24bd7d0 JavaThread "Monitor Ctrl-Break" daemon [_thread_in_native, id=20080, stack(0x00000037d4a00000,0x00000037d4b00000)]
  0x0000014eb24bd280 JavaThread "Notification Thread" daemon [_thread_blocked, id=12184, stack(0x00000037d4b00000,0x00000037d4c00000)]
=>0x0000014eb7ae9e80 JavaThread "C2 CompilerThread1" daemon [_thread_in_native, id=11668, stack(0x00000037d4900000,0x00000037d4a00000)]
  0x0000014eb24bc7e0 JavaThread "background-preinit" [_thread_blocked, id=2128, stack(0x00000037d5200000,0x00000037d5300000)]

Other Threads:
  0x0000014eb2491560 VMThread "VM Thread" [stack: 0x00000037d3f00000,0x00000037d4000000] [id=26808] _threads_hazard_ptr=0x0000014eb7bd4c50
  0x0000014eb6aca640 WatcherThread "VM Periodic Task Thread" [stack: 0x00000037d4c00000,0x00000037d4d00000] [id=11592]
  0x0000014e966763b0 WorkerThread "GC Thread#0" [stack: 0x00000037d3a00000,0x00000037d3b00000] [id=18172]
  0x0000014eb74902a0 WorkerThread "GC Thread#1" [stack: 0x00000037d4d00000,0x00000037d4e00000] [id=12896]
  0x0000014eb77f3c10 WorkerThread "GC Thread#2" [stack: 0x00000037d4e00000,0x00000037d4f00000] [id=20560]
  0x0000014eb77f3ee0 WorkerThread "GC Thread#3" [stack: 0x00000037d4f00000,0x00000037d5000000] [id=1584]
  0x0000014eb77f41b0 WorkerThread "GC Thread#4" [stack: 0x00000037d5000000,0x00000037d5100000] [id=14276]
  0x0000014eb77f4fb0 WorkerThread "GC Thread#5" [stack: 0x00000037d5100000,0x00000037d5200000] [id=332]
  0x0000014eb77f6090 WorkerThread "GC Thread#6" [stack: 0x00000037d5300000,0x00000037d5400000] [id=21500]
  0x0000014eb77f6360 WorkerThread "GC Thread#7" [stack: 0x00000037d5400000,0x00000037d5500000] [id=26304]
  0x0000014e96682e50 ConcurrentGCThread "G1 Main Marker" [stack: 0x00000037d3b00000,0x00000037d3c00000] [id=20400]
  0x0000014e96685a10 WorkerThread "G1 Conc#0" [stack: 0x00000037d3c00000,0x00000037d3d00000] [id=15732]
  0x0000014e966cea60 ConcurrentGCThread "G1 Refine#0" [stack: 0x00000037d3d00000,0x00000037d3e00000] [id=21056]
  0x0000014eb2346c80 ConcurrentGCThread "G1 Service" [stack: 0x00000037d3e00000,0x00000037d3f00000] [id=16616]

Threads with active compile tasks:
C2 CompilerThread0     6692 2114       4       java.lang.invoke.MethodType::methodType (69 bytes)
C1 CompilerThread0     6692 2138       3       java.lang.Character::codePointAt (51 bytes)
C2 CompilerThread1     6692 2040       4       java.lang.invoke.MethodType::makeImpl (109 bytes)

VM state: not at safepoint (normal execution)

VM Mutex/Monitor currently owned by a thread: None

Heap address: 0x00000000a1c00000, size: 1508 MB, Compressed Oops mode: 32-bit

CDS archive(s) mapped at: [0x0000000800000000-0x0000000800c60000-0x0000000800c60000), size 12976128, SharedBaseAddress: 0x0000000800000000, ArchiveRelocationMode: 0.
Compressed class space mapped at: 0x0000000801000000-0x0000000841000000, reserved size: 1073741824
Narrow klass base: 0x0000000800000000, Narrow klass shift: 0, Narrow klass range: 0x100000000

GC Precious Log:
 CardTable entry size: 512
 Card Set container configuration: InlinePtr #cards 5 size 8 Array Of Cards #cards 12 size 40 Howl #buckets 4 coarsen threshold 1843 Howl Bitmap #cards 512 size 80 coarsen threshold 460 Card regions per heap region 1 cards per card region 2048
 CPUs: 8 total, 8 available
 Memory: 6030M
 Large Page Support: Disabled
 NUMA Support: Disabled
 Compressed Oops: Enabled (32-bit)
 Heap Region Size: 1M
 Heap Min Capacity: 8M
 Heap Initial Capacity: 96M
 Heap Max Capacity: 1508M
 Pre-touch: Disabled
 Parallel Workers: 8
 Concurrent Workers: 2
 Concurrent Refinement Workers: 8
 Periodic GC: Disabled

Heap:
 garbage-first heap   total 98304K, used 23040K [0x00000000a1c00000, 0x0000000100000000)
  region size 1024K, 13 young (13312K), 3 survivors (3072K)
 Metaspace       used 14506K, committed 14848K, reserved 1114112K
  class space    used 1970K, committed 2112K, reserved 1048576K

Heap Regions: E=young(eden), S=young(survivor), O=old, HS=humongous(starts), HC=humongous(continues), CS=collection set, F=free, OA=open archive, CA=closed archive, TAMS=top-at-mark-start, PB=parsable bottom
|   0|0x00000000a1c00000, 0x00000000a1d00000, 0x00000000a1d00000|100%|HS|  |TAMS 0x00000000a1c00000| PB 0x00000000a1c00000| Complete 
|   1|0x00000000a1d00000, 0x00000000a1e00000, 0x00000000a1e00000|100%|HS|  |TAMS 0x00000000a1d00000| PB 0x00000000a1d00000| Complete 
|   2|0x00000000a1e00000, 0x00000000a1f00000, 0x00000000a1f00000|100%|HS|  |TAMS 0x00000000a1e00000| PB 0x00000000a1e00000| Complete 
|   3|0x00000000a1f00000, 0x00000000a2000000, 0x00000000a2000000|100%| O|  |TAMS 0x00000000a1f00000| PB 0x00000000a1f00000| Untracked 
|   4|0x00000000a2000000, 0x00000000a2100000, 0x00000000a2100000|100%| O|  |TAMS 0x00000000a2000000| PB 0x00000000a2000000| Untracked 
|   5|0x00000000a2100000, 0x00000000a2200000, 0x00000000a2200000|100%| O|  |TAMS 0x00000000a2100000| PB 0x00000000a2100000| Untracked 
|   6|0x00000000a2200000, 0x00000000a2300000, 0x00000000a2300000|100%| O|  |TAMS 0x00000000a2200000| PB 0x00000000a2200000| Untracked 
|   7|0x00000000a2300000, 0x00000000a2400000, 0x00000000a2400000|100%| O|  |TAMS 0x00000000a2300000| PB 0x00000000a2300000| Untracked 
|   8|0x00000000a2400000, 0x00000000a2500000, 0x00000000a2500000|100%| O|  |TAMS 0x00000000a2400000| PB 0x00000000a2400000| Untracked 
|   9|0x00000000a2500000, 0x00000000a2600000, 0x00000000a2600000|100%| O|  |TAMS 0x00000000a2500000| PB 0x00000000a2500000| Untracked 
|  10|0x00000000a2600000, 0x00000000a2700000, 0x00000000a2700000|100%| O|  |TAMS 0x00000000a2600000| PB 0x00000000a2600000| Untracked 
|  11|0x00000000a2700000, 0x00000000a2766c00, 0x00000000a2800000| 40%| O|  |TAMS 0x00000000a2700000| PB 0x00000000a2700000| Untracked 
|  12|0x00000000a2800000, 0x00000000a2800000, 0x00000000a2900000|  0%| F|  |TAMS 0x00000000a2800000| PB 0x00000000a2800000| Untracked 
|  13|0x00000000a2900000, 0x00000000a2900000, 0x00000000a2a00000|  0%| F|  |TAMS 0x00000000a2900000| PB 0x00000000a2900000| Untracked 
|  14|0x00000000a2a00000, 0x00000000a2a00000, 0x00000000a2b00000|  0%| F|  |TAMS 0x00000000a2a00000| PB 0x00000000a2a00000| Untracked 
|  15|0x00000000a2b00000, 0x00000000a2b00000, 0x00000000a2c00000|  0%| F|  |TAMS 0x00000000a2b00000| PB 0x00000000a2b00000| Untracked 
|  16|0x00000000a2c00000, 0x00000000a2c00000, 0x00000000a2d00000|  0%| F|  |TAMS 0x00000000a2c00000| PB 0x00000000a2c00000| Untracked 
|  17|0x00000000a2d00000, 0x00000000a2d00000, 0x00000000a2e00000|  0%| F|  |TAMS 0x00000000a2d00000| PB 0x00000000a2d00000| Untracked 
|  18|0x00000000a2e00000, 0x00000000a2e00000, 0x00000000a2f00000|  0%| F|  |TAMS 0x00000000a2e00000| PB 0x00000000a2e00000| Untracked 
|  19|0x00000000a2f00000, 0x00000000a2f00000, 0x00000000a3000000|  0%| F|  |TAMS 0x00000000a2f00000| PB 0x00000000a2f00000| Untracked 
|  20|0x00000000a3000000, 0x00000000a3000000, 0x00000000a3100000|  0%| F|  |TAMS 0x00000000a3000000| PB 0x00000000a3000000| Untracked 
|  21|0x00000000a3100000, 0x00000000a3100000, 0x00000000a3200000|  0%| F|  |TAMS 0x00000000a3100000| PB 0x00000000a3100000| Untracked 
|  22|0x00000000a3200000, 0x00000000a3200000, 0x00000000a3300000|  0%| F|  |TAMS 0x00000000a3200000| PB 0x00000000a3200000| Untracked 
|  23|0x00000000a3300000, 0x00000000a3300000, 0x00000000a3400000|  0%| F|  |TAMS 0x00000000a3300000| PB 0x00000000a3300000| Untracked 
|  24|0x00000000a3400000, 0x00000000a3400000, 0x00000000a3500000|  0%| F|  |TAMS 0x00000000a3400000| PB 0x00000000a3400000| Untracked 
|  25|0x00000000a3500000, 0x00000000a3500000, 0x00000000a3600000|  0%| F|  |TAMS 0x00000000a3500000| PB 0x00000000a3500000| Untracked 
|  26|0x00000000a3600000, 0x00000000a3600000, 0x00000000a3700000|  0%| F|  |TAMS 0x00000000a3600000| PB 0x00000000a3600000| Untracked 
|  27|0x00000000a3700000, 0x00000000a3700000, 0x00000000a3800000|  0%| F|  |TAMS 0x00000000a3700000| PB 0x00000000a3700000| Untracked 
|  28|0x00000000a3800000, 0x00000000a3800000, 0x00000000a3900000|  0%| F|  |TAMS 0x00000000a3800000| PB 0x00000000a3800000| Untracked 
|  29|0x00000000a3900000, 0x00000000a3900000, 0x00000000a3a00000|  0%| F|  |TAMS 0x00000000a3900000| PB 0x00000000a3900000| Untracked 
|  30|0x00000000a3a00000, 0x00000000a3a00000, 0x00000000a3b00000|  0%| F|  |TAMS 0x00000000a3a00000| PB 0x00000000a3a00000| Untracked 
|  31|0x00000000a3b00000, 0x00000000a3b00000, 0x00000000a3c00000|  0%| F|  |TAMS 0x00000000a3b00000| PB 0x00000000a3b00000| Untracked 
|  32|0x00000000a3c00000, 0x00000000a3c00000, 0x00000000a3d00000|  0%| F|  |TAMS 0x00000000a3c00000| PB 0x00000000a3c00000| Untracked 
|  33|0x00000000a3d00000, 0x00000000a3d00000, 0x00000000a3e00000|  0%| F|  |TAMS 0x00000000a3d00000| PB 0x00000000a3d00000| Untracked 
|  34|0x00000000a3e00000, 0x00000000a3e00000, 0x00000000a3f00000|  0%| F|  |TAMS 0x00000000a3e00000| PB 0x00000000a3e00000| Untracked 
|  35|0x00000000a3f00000, 0x00000000a3f00000, 0x00000000a4000000|  0%| F|  |TAMS 0x00000000a3f00000| PB 0x00000000a3f00000| Untracked 
|  36|0x00000000a4000000, 0x00000000a4000000, 0x00000000a4100000|  0%| F|  |TAMS 0x00000000a4000000| PB 0x00000000a4000000| Untracked 
|  37|0x00000000a4100000, 0x00000000a4100000, 0x00000000a4200000|  0%| F|  |TAMS 0x00000000a4100000| PB 0x00000000a4100000| Untracked 
|  38|0x00000000a4200000, 0x00000000a4200000, 0x00000000a4300000|  0%| F|  |TAMS 0x00000000a4200000| PB 0x00000000a4200000| Untracked 
|  39|0x00000000a4300000, 0x00000000a4300000, 0x00000000a4400000|  0%| F|  |TAMS 0x00000000a4300000| PB 0x00000000a4300000| Untracked 
|  40|0x00000000a4400000, 0x00000000a4400000, 0x00000000a4500000|  0%| F|  |TAMS 0x00000000a4400000| PB 0x00000000a4400000| Untracked 
|  41|0x00000000a4500000, 0x00000000a4500000, 0x00000000a4600000|  0%| F|  |TAMS 0x00000000a4500000| PB 0x00000000a4500000| Untracked 
|  42|0x00000000a4600000, 0x00000000a4600000, 0x00000000a4700000|  0%| F|  |TAMS 0x00000000a4600000| PB 0x00000000a4600000| Untracked 
|  43|0x00000000a4700000, 0x00000000a4700000, 0x00000000a4800000|  0%| F|  |TAMS 0x00000000a4700000| PB 0x00000000a4700000| Untracked 
|  44|0x00000000a4800000, 0x00000000a4800000, 0x00000000a4900000|  0%| F|  |TAMS 0x00000000a4800000| PB 0x00000000a4800000| Untracked 
|  45|0x00000000a4900000, 0x00000000a4900000, 0x00000000a4a00000|  0%| F|  |TAMS 0x00000000a4900000| PB 0x00000000a4900000| Untracked 
|  46|0x00000000a4a00000, 0x00000000a4a00000, 0x00000000a4b00000|  0%| F|  |TAMS 0x00000000a4a00000| PB 0x00000000a4a00000| Untracked 
|  47|0x00000000a4b00000, 0x00000000a4b00000, 0x00000000a4c00000|  0%| F|  |TAMS 0x00000000a4b00000| PB 0x00000000a4b00000| Untracked 
|  48|0x00000000a4c00000, 0x00000000a4c00000, 0x00000000a4d00000|  0%| F|  |TAMS 0x00000000a4c00000| PB 0x00000000a4c00000| Untracked 
|  49|0x00000000a4d00000, 0x00000000a4d00000, 0x00000000a4e00000|  0%| F|  |TAMS 0x00000000a4d00000| PB 0x00000000a4d00000| Untracked 
|  50|0x00000000a4e00000, 0x00000000a4e00000, 0x00000000a4f00000|  0%| F|  |TAMS 0x00000000a4e00000| PB 0x00000000a4e00000| Untracked 
|  51|0x00000000a4f00000, 0x00000000a4f00000, 0x00000000a5000000|  0%| F|  |TAMS 0x00000000a4f00000| PB 0x00000000a4f00000| Untracked 
|  52|0x00000000a5000000, 0x00000000a5000000, 0x00000000a5100000|  0%| F|  |TAMS 0x00000000a5000000| PB 0x00000000a5000000| Untracked 
|  53|0x00000000a5100000, 0x00000000a5100000, 0x00000000a5200000|  0%| F|  |TAMS 0x00000000a5100000| PB 0x00000000a5100000| Untracked 
|  54|0x00000000a5200000, 0x00000000a5200000, 0x00000000a5300000|  0%| F|  |TAMS 0x00000000a5200000| PB 0x00000000a5200000| Untracked 
|  55|0x00000000a5300000, 0x00000000a5300000, 0x00000000a5400000|  0%| F|  |TAMS 0x00000000a5300000| PB 0x00000000a5300000| Untracked 
|  56|0x00000000a5400000, 0x00000000a5400000, 0x00000000a5500000|  0%| F|  |TAMS 0x00000000a5400000| PB 0x00000000a5400000| Untracked 
|  57|0x00000000a5500000, 0x00000000a5500000, 0x00000000a5600000|  0%| F|  |TAMS 0x00000000a5500000| PB 0x00000000a5500000| Untracked 
|  58|0x00000000a5600000, 0x00000000a5600000, 0x00000000a5700000|  0%| F|  |TAMS 0x00000000a5600000| PB 0x00000000a5600000| Untracked 
|  59|0x00000000a5700000, 0x00000000a5700000, 0x00000000a5800000|  0%| F|  |TAMS 0x00000000a5700000| PB 0x00000000a5700000| Untracked 
|  60|0x00000000a5800000, 0x00000000a5800000, 0x00000000a5900000|  0%| F|  |TAMS 0x00000000a5800000| PB 0x00000000a5800000| Untracked 
|  61|0x00000000a5900000, 0x00000000a5900000, 0x00000000a5a00000|  0%| F|  |TAMS 0x00000000a5900000| PB 0x00000000a5900000| Untracked 
|  62|0x00000000a5a00000, 0x00000000a5a00000, 0x00000000a5b00000|  0%| F|  |TAMS 0x00000000a5a00000| PB 0x00000000a5a00000| Untracked 
|  63|0x00000000a5b00000, 0x00000000a5b00000, 0x00000000a5c00000|  0%| F|  |TAMS 0x00000000a5b00000| PB 0x00000000a5b00000| Untracked 
|  64|0x00000000a5c00000, 0x00000000a5c00000, 0x00000000a5d00000|  0%| F|  |TAMS 0x00000000a5c00000| PB 0x00000000a5c00000| Untracked 
|  65|0x00000000a5d00000, 0x00000000a5d19510, 0x00000000a5e00000|  9%| S|CS|TAMS 0x00000000a5d00000| PB 0x00000000a5d00000| Complete 
|  66|0x00000000a5e00000, 0x00000000a5f00000, 0x00000000a5f00000|100%| S|CS|TAMS 0x00000000a5e00000| PB 0x00000000a5e00000| Complete 
|  67|0x00000000a5f00000, 0x00000000a6000000, 0x00000000a6000000|100%| S|CS|TAMS 0x00000000a5f00000| PB 0x00000000a5f00000| Complete 
|  68|0x00000000a6000000, 0x00000000a6000000, 0x00000000a6100000|  0%| F|  |TAMS 0x00000000a6000000| PB 0x00000000a6000000| Untracked 
|  69|0x00000000a6100000, 0x00000000a6100000, 0x00000000a6200000|  0%| F|  |TAMS 0x00000000a6100000| PB 0x00000000a6100000| Untracked 
|  70|0x00000000a6200000, 0x00000000a6200000, 0x00000000a6300000|  0%| F|  |TAMS 0x00000000a6200000| PB 0x00000000a6200000| Untracked 
|  71|0x00000000a6300000, 0x00000000a6300000, 0x00000000a6400000|  0%| F|  |TAMS 0x00000000a6300000| PB 0x00000000a6300000| Untracked 
|  72|0x00000000a6400000, 0x00000000a6400000, 0x00000000a6500000|  0%| F|  |TAMS 0x00000000a6400000| PB 0x00000000a6400000| Untracked 
|  73|0x00000000a6500000, 0x00000000a6500000, 0x00000000a6600000|  0%| F|  |TAMS 0x00000000a6500000| PB 0x00000000a6500000| Untracked 
|  74|0x00000000a6600000, 0x00000000a6600000, 0x00000000a6700000|  0%| F|  |TAMS 0x00000000a6600000| PB 0x00000000a6600000| Untracked 
|  75|0x00000000a6700000, 0x00000000a6700000, 0x00000000a6800000|  0%| F|  |TAMS 0x00000000a6700000| PB 0x00000000a6700000| Untracked 
|  76|0x00000000a6800000, 0x00000000a6800000, 0x00000000a6900000|  0%| F|  |TAMS 0x00000000a6800000| PB 0x00000000a6800000| Untracked 
|  77|0x00000000a6900000, 0x00000000a6900000, 0x00000000a6a00000|  0%| F|  |TAMS 0x00000000a6900000| PB 0x00000000a6900000| Untracked 
|  78|0x00000000a6a00000, 0x00000000a6a00000, 0x00000000a6b00000|  0%| F|  |TAMS 0x00000000a6a00000| PB 0x00000000a6a00000| Untracked 
|  79|0x00000000a6b00000, 0x00000000a6b00000, 0x00000000a6c00000|  0%| F|  |TAMS 0x00000000a6b00000| PB 0x00000000a6b00000| Untracked 
|  80|0x00000000a6c00000, 0x00000000a6c00000, 0x00000000a6d00000|  0%| F|  |TAMS 0x00000000a6c00000| PB 0x00000000a6c00000| Untracked 
|  81|0x00000000a6d00000, 0x00000000a6d00000, 0x00000000a6e00000|  0%| F|  |TAMS 0x00000000a6d00000| PB 0x00000000a6d00000| Untracked 
|  82|0x00000000a6e00000, 0x00000000a6e00000, 0x00000000a6f00000|  0%| F|  |TAMS 0x00000000a6e00000| PB 0x00000000a6e00000| Untracked 
|  83|0x00000000a6f00000, 0x00000000a6f00000, 0x00000000a7000000|  0%| F|  |TAMS 0x00000000a6f00000| PB 0x00000000a6f00000| Untracked 
|  84|0x00000000a7000000, 0x00000000a7000000, 0x00000000a7100000|  0%| F|  |TAMS 0x00000000a7000000| PB 0x00000000a7000000| Untracked 
|  85|0x00000000a7100000, 0x00000000a7100000, 0x00000000a7200000|  0%| F|  |TAMS 0x00000000a7100000| PB 0x00000000a7100000| Untracked 
|  86|0x00000000a7200000, 0x00000000a72d9cf8, 0x00000000a7300000| 85%| E|  |TAMS 0x00000000a7200000| PB 0x00000000a7200000| Complete 
|  87|0x00000000a7300000, 0x00000000a7400000, 0x00000000a7400000|100%| E|CS|TAMS 0x00000000a7300000| PB 0x00000000a7300000| Complete 
|  88|0x00000000a7400000, 0x00000000a7500000, 0x00000000a7500000|100%| E|CS|TAMS 0x00000000a7400000| PB 0x00000000a7400000| Complete 
|  89|0x00000000a7500000, 0x00000000a7600000, 0x00000000a7600000|100%| E|CS|TAMS 0x00000000a7500000| PB 0x00000000a7500000| Complete 
|  90|0x00000000a7600000, 0x00000000a7700000, 0x00000000a7700000|100%| E|CS|TAMS 0x00000000a7600000| PB 0x00000000a7600000| Complete 
|  91|0x00000000a7700000, 0x00000000a7800000, 0x00000000a7800000|100%| E|CS|TAMS 0x00000000a7700000| PB 0x00000000a7700000| Complete 
|  92|0x00000000a7800000, 0x00000000a7900000, 0x00000000a7900000|100%| E|CS|TAMS 0x00000000a7800000| PB 0x00000000a7800000| Complete 
|  93|0x00000000a7900000, 0x00000000a7a00000, 0x00000000a7a00000|100%| E|CS|TAMS 0x00000000a7900000| PB 0x00000000a7900000| Complete 
|  94|0x00000000a7a00000, 0x00000000a7b00000, 0x00000000a7b00000|100%| E|CS|TAMS 0x00000000a7a00000| PB 0x00000000a7a00000| Complete 
|  95|0x00000000a7b00000, 0x00000000a7c00000, 0x00000000a7c00000|100%| E|CS|TAMS 0x00000000a7b00000| PB 0x00000000a7b00000| Complete 

Card table byte_map: [0x0000014eadd00000,0x0000014eae000000] _byte_map_base: 0x0000014ead7f2000

Marking Bits: (CMBitMap*) 0x0000014e966768f0
 Bits: [0x0000014eae300000, 0x0000014eafa90000)

Polling page: 0x0000014e944b0000

Metaspace:

Usage:
  Non-class:     12.25 MB used.
      Class:      1.93 MB used.
       Both:     14.18 MB used.

Virtual space:
  Non-class space:       64.00 MB reserved,      12.50 MB ( 20%) committed,  1 nodes.
      Class space:        1.00 GB reserved,       2.06 MB ( <1%) committed,  1 nodes.
             Both:        1.06 GB reserved,      14.56 MB (  1%) committed. 

Chunk freelists:
   Non-Class:  3.42 MB
       Class:  1.76 MB
        Both:  5.19 MB

MaxMetaspaceSize: unlimited
CompressedClassSpaceSize: 1.00 GB
Initial GC threshold: 21.00 MB
Current GC threshold: 21.00 MB
CDS: on
MetaspaceReclaimPolicy: balanced
 - commit_granule_bytes: 65536.
 - commit_granule_words: 8192.
 - virtual_space_node_default_size: 8388608.
 - enlarge_chunks_in_place: 1.
 - new_chunks_are_fully_committed: 0.
 - uncommit_free_chunks: 1.
 - use_allocation_guard: 0.


Internal statistics:

num_allocs_failed_limit: 0.
num_arena_births: 388.
num_arena_deaths: 0.
num_vsnodes_births: 2.
num_vsnodes_deaths: 0.
num_space_committed: 233.
num_space_uncommitted: 0.
num_chunks_returned_to_freelist: 0.
num_chunks_taken_from_freelist: 904.
num_chunk_merges: 0.
num_chunk_splits: 592.
num_chunks_enlarged: 397.
num_inconsistent_stats: 0.

CodeHeap 'non-profiled nmethods': size=120000Kb used=776Kb max_used=776Kb free=119223Kb
 bounds [0x0000014ea6190000, 0x0000014ea6400000, 0x0000014ead6c0000]
CodeHeap 'profiled nmethods': size=120000Kb used=3948Kb max_used=3948Kb free=116051Kb
 bounds [0x0000014e9e6c0000, 0x0000014e9eaa0000, 0x0000014ea5bf0000]
CodeHeap 'non-nmethods': size=5760Kb used=1457Kb max_used=1480Kb free=4302Kb
 bounds [0x0000014ea5bf0000, 0x0000014ea5e60000, 0x0000014ea6190000]
 total_blobs=2633 nmethods=2141 adapters=402
 compilation: enabled
              stopped_count=0, restarted_count=0
 full_count=0

Compilation events (20 events):
Event: 4.618 Thread 0x0000014eb24c77a0 nmethod 2106 0x0000014e9ea86f10 code [0x0000014e9ea870a0, 0x0000014e9ea872b0]
Event: 4.618 Thread 0x0000014eb24c6550 2110       4       java.util.LinkedHashMap::get (29 bytes)
Event: 4.618 Thread 0x0000014eb24c77a0 2107       3       jdk.internal.org.objectweb.asm.MethodVisitor::visitMethodInsn (80 bytes)
Event: 4.618 Thread 0x0000014eb24c77a0 nmethod 2107 0x0000014e9ea87390 code [0x0000014e9ea87560, 0x0000014e9ea87a40]
Event: 4.619 Thread 0x0000014eb24c77a0 2108       3       jdk.internal.org.objectweb.asm.MethodVisitor::visitMaxs (17 bytes)
Event: 4.619 Thread 0x0000014eb24c77a0 nmethod 2108 0x0000014e9ea87b90 code [0x0000014e9ea87d20, 0x0000014e9ea87f30]
Event: 4.619 Thread 0x0000014eb24c77a0 2109       3       jdk.internal.org.objectweb.asm.MethodVisitor::visitEnd (15 bytes)
Event: 4.619 Thread 0x0000014eb24c77a0 nmethod 2109 0x0000014e9ea88010 code [0x0000014e9ea881a0, 0x0000014e9ea883b0]
Event: 4.619 Thread 0x0000014eb24c77a0 2111       1       org.springframework.core.annotation.AnnotationTypeMapping::getRoot (5 bytes)
Event: 4.619 Thread 0x0000014eb24c77a0 nmethod 2111 0x0000014ea6251090 code [0x0000014ea6251200, 0x0000014ea62512c8]
Event: 4.621 Thread 0x0000014eb24c77a0 2112       3       java.lang.invoke.SimpleMethodHandle::make (10 bytes)
Event: 4.621 Thread 0x0000014eb24c77a0 nmethod 2112 0x0000014e9ea88490 code [0x0000014e9ea88620, 0x0000014e9ea88808]
Event: 4.621 Thread 0x0000014eb24c77a0 2113       3       java.lang.invoke.SimpleMethodHandle::<init> (7 bytes)
Event: 4.622 Thread 0x0000014eb24c77a0 nmethod 2113 0x0000014e9ea88910 code [0x0000014e9ea88aa0, 0x0000014e9ea88c58]
Event: 4.622 Thread 0x0000014eb24c77a0 2115       3       java.lang.invoke.SimpleMethodHandle::copyWithExtendL (7 bytes)
Event: 4.622 Thread 0x0000014eb24c77a0 nmethod 2115 0x0000014e9ea88d10 code [0x0000014e9ea88ea0, 0x0000014e9ea89038]
Event: 4.622 Thread 0x0000014eb24c77a0 2116       3       java.lang.invoke.BoundMethodHandle::bindSingle (7 bytes)
Event: 4.622 Thread 0x0000014eb24c77a0 nmethod 2116 0x0000014e9ea89110 code [0x0000014e9ea892a0, 0x0000014e9ea893b0]
Event: 4.622 Thread 0x0000014eb24c77a0 2117       3       java.lang.invoke.InnerClassLambdaMetafactory$ForwardingMethodGenerator::convertArgumentTypes (96 bytes)
Event: 5.630 Thread 0x0000014eb24c77a0 nmethod 2117 0x0000014e9ea89490 code [0x0000014e9ea896c0, 0x0000014e9ea8a108]

GC Heap History (4 events):
Event: 2.111 GC heap before
{Heap before GC invocations=0 (full 0):
 garbage-first heap   total 98304K, used 25600K [0x00000000a1c00000, 0x0000000100000000)
  region size 1024K, 23 young (23552K), 0 survivors (0K)
 Metaspace       used 5724K, committed 5952K, reserved 1114112K
  class space    used 646K, committed 768K, reserved 1048576K
}
Event: 2.123 GC heap after
{Heap after GC invocations=1 (full 0):
 garbage-first heap   total 98304K, used 11264K [0x00000000a1c00000, 0x0000000100000000)
  region size 1024K, 3 young (3072K), 3 survivors (3072K)
 Metaspace       used 5724K, committed 5952K, reserved 1114112K
  class space    used 646K, committed 768K, reserved 1048576K
}
Event: 3.343 GC heap before
{Heap before GC invocations=1 (full 0):
 garbage-first heap   total 98304K, used 36864K [0x00000000a1c00000, 0x0000000100000000)
  region size 1024K, 28 young (28672K), 3 survivors (3072K)
 Metaspace       used 12274K, committed 12608K, reserved 1114112K
  class space    used 1591K, committed 1728K, reserved 1048576K
}
Event: 3.353 GC heap after
{Heap after GC invocations=2 (full 0):
 garbage-first heap   total 98304K, used 13824K [0x00000000a1c00000, 0x0000000100000000)
  region size 1024K, 3 young (3072K), 3 survivors (3072K)
 Metaspace       used 12274K, committed 12608K, reserved 1114112K
  class space    used 1591K, committed 1728K, reserved 1048576K
}

Dll operation events (9 events):
Event: 0.026 Loaded shared library C:\Users\User\.jdks\openjdk-20.0.1\bin\java.dll
Event: 0.049 Loaded shared library C:\Users\User\.jdks\openjdk-20.0.1\bin\jsvml.dll
Event: 0.809 Loaded shared library C:\Users\User\.jdks\openjdk-20.0.1\bin\zip.dll
Event: 0.816 Loaded shared library C:\Users\User\.jdks\openjdk-20.0.1\bin\instrument.dll
Event: 0.828 Loaded shared library C:\Users\User\.jdks\openjdk-20.0.1\bin\net.dll
Event: 0.831 Loaded shared library C:\Users\User\.jdks\openjdk-20.0.1\bin\nio.dll
Event: 0.837 Loaded shared library C:\Users\User\.jdks\openjdk-20.0.1\bin\zip.dll
Event: 1.229 Loaded shared library C:\Users\User\.jdks\openjdk-20.0.1\bin\extnet.dll
Event: 1.301 Loaded shared library C:\Users\User\.jdks\openjdk-20.0.1\bin\jimage.dll

Deoptimization events (20 events):
Event: 3.161 Thread 0x0000014eb24bc7e0 DEOPT PACKING pc=0x0000014ea61faaf8 sp=0x00000037d52fe000
Event: 3.161 Thread 0x0000014eb24bc7e0 DEOPT UNPACKING pc=0x0000014ea5c59d22 sp=0x00000037d52fdf40 mode 2
Event: 3.169 Thread 0x0000014e966268e0 DEOPT PACKING pc=0x0000014e9e919347 sp=0x00000037d39fe140
Event: 3.169 Thread 0x0000014e966268e0 DEOPT UNPACKING pc=0x0000014ea5c5a4c2 sp=0x00000037d39fd5c0 mode 0
Event: 3.189 Thread 0x0000014eb24bc7e0 Uncommon trap: trap_request=0xffffffde fr.pc=0x0000014ea6206380 relative=0x00000000000002c0
Event: 3.189 Thread 0x0000014eb24bc7e0 Uncommon trap: reason=class_check action=maybe_recompile pc=0x0000014ea6206380 method=java.util.HashMap.getNode(Ljava/lang/Object;)Ljava/util/HashMap$Node; @ 128 c2
Event: 3.189 Thread 0x0000014eb24bc7e0 DEOPT PACKING pc=0x0000014ea6206380 sp=0x00000037d52fe030
Event: 3.189 Thread 0x0000014eb24bc7e0 DEOPT UNPACKING pc=0x0000014ea5c59d22 sp=0x00000037d52fdf98 mode 2
Event: 3.385 Thread 0x0000014e966268e0 Uncommon trap: trap_request=0xffffff45 fr.pc=0x0000014ea61fe6c8 relative=0x00000000000002c8
Event: 3.385 Thread 0x0000014e966268e0 Uncommon trap: reason=unstable_if action=reinterpret pc=0x0000014ea61fe6c8 method=jdk.internal.org.objectweb.asm.SymbolTable.put(Ljdk/internal/org/objectweb/asm/SymbolTable$Entry;)Ljdk/internal/org/objectweb/asm/SymbolTable$Entry; @ 13 c2
Event: 3.385 Thread 0x0000014e966268e0 DEOPT PACKING pc=0x0000014ea61fe6c8 sp=0x00000037d39fd720
Event: 3.385 Thread 0x0000014e966268e0 DEOPT UNPACKING pc=0x0000014ea5c59d22 sp=0x00000037d39fd6a0 mode 2
Event: 4.582 Thread 0x0000014e966268e0 Uncommon trap: trap_request=0xffffffde fr.pc=0x0000014ea6206380 relative=0x00000000000002c0
Event: 4.582 Thread 0x0000014e966268e0 Uncommon trap: reason=class_check action=maybe_recompile pc=0x0000014ea6206380 method=java.util.HashMap.getNode(Ljava/lang/Object;)Ljava/util/HashMap$Node; @ 128 c2
Event: 4.582 Thread 0x0000014e966268e0 DEOPT PACKING pc=0x0000014ea6206380 sp=0x00000037d39fe5b0
Event: 4.582 Thread 0x0000014e966268e0 DEOPT UNPACKING pc=0x0000014ea5c59d22 sp=0x00000037d39fe518 mode 2
Event: 4.582 Thread 0x0000014e966268e0 Uncommon trap: trap_request=0xffffffde fr.pc=0x0000014ea6206380 relative=0x00000000000002c0
Event: 4.582 Thread 0x0000014e966268e0 Uncommon trap: reason=class_check action=maybe_recompile pc=0x0000014ea6206380 method=java.util.HashMap.getNode(Ljava/lang/Object;)Ljava/util/HashMap$Node; @ 128 c2
Event: 4.582 Thread 0x0000014e966268e0 DEOPT PACKING pc=0x0000014ea6206380 sp=0x00000037d39fe5b0
Event: 4.582 Thread 0x0000014e966268e0 DEOPT UNPACKING pc=0x0000014ea5c59d22 sp=0x00000037d39fe518 mode 2

Classes loaded (20 events):
Event: 4.585 Loading class com/sun/beans/WeakCache
Event: 4.586 Loading class com/sun/beans/WeakCache done
Event: 4.586 Loading class com/sun/beans/WildcardTypeImpl
Event: 4.586 Loading class com/sun/beans/WildcardTypeImpl done
Event: 4.605 Loading class java/lang/invoke/DirectMethodHandle$Special
Event: 4.605 Loading class java/lang/invoke/DirectMethodHandle$Special done
Event: 4.614 Loading class java/util/Comparators$NaturalOrderComparator
Event: 4.614 Loading class java/util/Comparators$NaturalOrderComparator done
Event: 4.614 Loading class java/util/Collections$ReverseComparator2
Event: 4.614 Loading class java/util/Collections$ReverseComparator2 done
Event: 4.614 Loading class java/util/stream/SortedOps
Event: 4.615 Loading class java/util/stream/SortedOps done
Event: 4.615 Loading class java/util/stream/SortedOps$OfRef
Event: 4.615 Loading class java/util/stream/SortedOps$OfRef done
Event: 4.616 Loading class java/util/stream/SortedOps$RefSortingSink
Event: 4.616 Loading class java/util/stream/SortedOps$AbstractRefSortingSink
Event: 4.616 Loading class java/util/stream/SortedOps$AbstractRefSortingSink done
Event: 4.616 Loading class java/util/stream/SortedOps$RefSortingSink done
Event: 4.616 Loading class jdk/internal/loader/BootLoader$PackageHelper
Event: 4.617 Loading class jdk/internal/loader/BootLoader$PackageHelper done

Classes unloaded (0 events):
No events

Classes redefined (0 events):
No events

Internal exceptions (20 events):
Event: 2.568 Thread 0x0000014e966268e0 Exception <a 'java/lang/NoSuchMethodError'{0x00000000a734a8a0}: 'int java.lang.invoke.DirectMethodHandle$Holder.invokeStaticInit(java.lang.Object, long, long)'> (0x00000000a734a8a0) 
thrown [s\open\src\hotspot\share\interpreter\linkResolver.cpp, line 773]
Event: 2.569 Thread 0x0000014e966268e0 Exception <a 'java/lang/NoSuchMethodError'{0x00000000a73511b8}: 'int java.lang.invoke.DirectMethodHandle$Holder.invokeStaticInit(java.lang.Object, float, float)'> (0x00000000a73511b8) 
thrown [s\open\src\hotspot\share\interpreter\linkResolver.cpp, line 773]
Event: 2.570 Thread 0x0000014e966268e0 Exception <a 'java/lang/NoSuchMethodError'{0x00000000a7357ac8}: 'int java.lang.invoke.DirectMethodHandle$Holder.invokeStaticInit(java.lang.Object, double, double)'> (0x00000000a7357ac8) 
thrown [s\open\src\hotspot\share\interpreter\linkResolver.cpp, line 773]
Event: 2.571 Thread 0x0000014e966268e0 Exception <a 'java/lang/NoSuchMethodError'{0x00000000a735be30}: 'int java.lang.invoke.DirectMethodHandle$Holder.invokeStatic(java.lang.Object, long)'> (0x00000000a735be30) 
thrown [s\open\src\hotspot\share\interpreter\linkResolver.cpp, line 773]
Event: 2.577 Thread 0x0000014e966268e0 Exception <a 'java/lang/NoSuchMethodError'{0x00000000a737db28}: 'int java.lang.invoke.Invokers$Holder.linkToTargetMethod(java.lang.Object, java.lang.Object)'> (0x00000000a737db28) 
thrown [s\open\src\hotspot\share\interpreter\linkResolver.cpp, line 773]
Event: 2.641 Thread 0x0000014e966268e0 Exception <a 'java/lang/NoSuchMethodError'{0x00000000a72e7530}: 'java.lang.Object java.lang.invoke.DirectMethodHandle$Holder.invokeSpecial(java.lang.Object, java.lang.Object, java.lang.Object, int, java.lang.Object)'> (0x00000000a72e7530) 
thrown [s\open\src\hotspot\share\interpreter\linkResolver.cpp, line 773]
Event: 2.642 Thread 0x0000014e966268e0 Exception <a 'java/lang/NoSuchMethodError'{0x00000000a72ef7d8}: 'java.lang.Object java.lang.invoke.DirectMethodHandle$Holder.newInvokeSpecial(java.lang.Object, java.lang.Object, java.lang.Object, int, java.lang.Object)'> (0x00000000a72ef7d8) 
thrown [s\open\src\hotspot\share\interpreter\linkResolver.cpp, line 773]
Event: 2.643 Thread 0x0000014e966268e0 Exception <a 'java/lang/NoSuchMethodError'{0x00000000a72f6c90}: 'java.lang.Object java.lang.invoke.Invokers$Holder.linkToTargetMethod(java.lang.Object, java.lang.Object, int, java.lang.Object, java.lang.Object)'> (0x00000000a72f6c90) 
thrown [s\open\src\hotspot\share\interpreter\linkResolver.cpp, line 773]
Event: 2.644 Thread 0x0000014e966268e0 Exception <a 'java/lang/NoSuchMethodError'{0x00000000a71062c0}: 'java.lang.Object java.lang.invoke.DirectMethodHandle$Holder.newInvokeSpecial(java.lang.Object, int, java.lang.Object)'> (0x00000000a71062c0) 
thrown [s\open\src\hotspot\share\interpreter\linkResolver.cpp, line 773]
Event: 2.645 Thread 0x0000014e966268e0 Exception <a 'java/lang/NoSuchMethodError'{0x00000000a710aa60}: 'int java.lang.invoke.DirectMethodHandle$Holder.invokeSpecialIFC(java.lang.Object, java.lang.Object, java.lang.Object, java.lang.Object)'> (0x00000000a710aa60) 
thrown [s\open\src\hotspot\share\interpreter\linkResolver.cpp, line 773]
Event: 2.673 Thread 0x0000014e966268e0 Exception <a 'java/lang/NoSuchMethodError'{0x00000000a71a6798}: 'java.lang.Object java.lang.invoke.DirectMethodHandle$Holder.invokeVirtual(java.lang.Object, java.lang.Object, java.lang.Object)'> (0x00000000a71a6798) 
thrown [s\open\src\hotspot\share\interpreter\linkResolver.cpp, line 773]
Event: 2.679 Thread 0x0000014e966268e0 Exception <a 'java/lang/NoSuchMethodError'{0x00000000a71cdde0}: 'void java.lang.invoke.DirectMethodHandle$Holder.invokeInterface(java.lang.Object, java.lang.Object, java.lang.Object)'> (0x00000000a71cdde0) 
thrown [s\open\src\hotspot\share\interpreter\linkResolver.cpp, line 773]
Event: 2.723 Thread 0x0000014e966268e0 Exception <a 'java/lang/NoSuchMethodError'{0x00000000a7071b78}: 'void java.lang.invoke.DirectMethodHandle$Holder.invokeStaticInit(java.lang.Object, java.lang.Object, java.lang.Object)'> (0x00000000a7071b78) 
thrown [s\open\src\hotspot\share\interpreter\linkResolver.cpp, line 773]
Event: 2.729 Thread 0x0000014e966268e0 Exception <a 'java/lang/NoSuchMethodError'{0x00000000a70a96b8}: 'java.lang.Object java.lang.invoke.DirectMethodHandle$Holder.invokeStaticInit(java.lang.Object, int)'> (0x00000000a70a96b8) 
thrown [s\open\src\hotspot\share\interpreter\linkResolver.cpp, line 773]
Event: 2.732 Thread 0x0000014e966268e0 Exception <a 'java/lang/NoSuchMethodError'{0x00000000a70b4648}: 'java.lang.Object java.lang.invoke.DirectMethodHandle$Holder.invokeStatic(java.lang.Object, int, java.lang.Object)'> (0x00000000a70b4648) 
thrown [s\open\src\hotspot\share\interpreter\linkResolver.cpp, line 773]
Event: 2.732 Thread 0x0000014e966268e0 Exception <a 'java/lang/NoSuchMethodError'{0x00000000a70b7c98}: 'java.lang.Object java.lang.invoke.DirectMethodHandle$Holder.invokeStaticInit(java.lang.Object, int, java.lang.Object)'> (0x00000000a70b7c98) 
thrown [s\open\src\hotspot\share\interpreter\linkResolver.cpp, line 773]
Event: 2.772 Thread 0x0000014e966268e0 Exception <a 'java/lang/NoSuchMethodError'{0x00000000a6f4d620}: 'void java.lang.invoke.DirectMethodHandle$Holder.invokeVirtual(java.lang.Object, java.lang.Object, java.lang.Object, java.lang.Object)'> (0x00000000a6f4d620) 
thrown [s\open\src\hotspot\share\interpreter\linkResolver.cpp, line 773]
Event: 2.959 Thread 0x0000014e966268e0 Exception <a 'java/lang/NoSuchMethodError'{0x00000000a6d9fd40}: 'java.lang.Object java.lang.invoke.Invokers$Holder.invoke_MT(java.lang.Object, java.lang.Object, java.lang.Object, java.lang.Object, java.lang.Object, java.lang.Object, java.lang.Object, java.lang.Object, java.lang.Object)'> (0x00000000a6d9fd40) 
thrown [s\open\src\hotspot\share\interpreter\linkResolver.cpp, line 773]
Event: 2.972 Thread 0x0000014e966268e0 Exception <a 'java/lang/NoSuchMethodError'{0x00000000a6dce568}: 'java.lang.reflect.Field[] java.lang.Class.getDeclaredFields(java.lang.Class)'> (0x00000000a6dce568) 
thrown [s\open\src\hotspot\share\interpreter\linkResolver.cpp, line 773]
Event: 2.997 Thread 0x0000014e966268e0 Exception <a 'java/lang/IncompatibleClassChangeError'{0x00000000a6c3a610}: Found class java.lang.Object, but interface was expected> (0x00000000a6c3a610) 
thrown [s\open\src\hotspot\share\interpreter\linkResolver.cpp, line 840]

VM Operations (20 events):
Event: 2.124 Executing VM operation: G1CollectForAllocation done
Event: 2.559 Executing VM operation: HandshakeAllThreads
Event: 2.559 Executing VM operation: HandshakeAllThreads done
Event: 2.750 Executing VM operation: ICBufferFull
Event: 2.750 Executing VM operation: ICBufferFull done
Event: 2.927 Executing VM operation: HandshakeAllThreads
Event: 2.927 Executing VM operation: HandshakeAllThreads done
Event: 2.935 Executing VM operation: HandshakeAllThreads
Event: 2.935 Executing VM operation: HandshakeAllThreads done
Event: 2.935 Executing VM operation: HandshakeAllThreads
Event: 2.936 Executing VM operation: HandshakeAllThreads done
Event: 3.343 Executing VM operation: G1CollectForAllocation
Event: 3.354 Executing VM operation: G1CollectForAllocation done
Event: 4.362 Executing VM operation: Cleanup
Event: 4.362 Executing VM operation: Cleanup done
Event: 4.529 Executing VM operation: HandshakeAllThreads
Event: 4.529 Executing VM operation: HandshakeAllThreads done
Event: 4.602 Executing VM operation: HandshakeAllThreads
Event: 4.602 Executing VM operation: HandshakeAllThreads done
Event: 5.614 Executing VM operation: Cleanup

Events (18 events):
Event: 0.050 Thread 0x0000014e966268e0 Thread added: 0x0000014e966268e0
Event: 0.091 Thread 0x0000014eb24b1280 Thread added: 0x0000014eb24b1280
Event: 0.091 Thread 0x0000014eb24b1dc0 Thread added: 0x0000014eb24b1dc0
Event: 0.092 Thread 0x0000014eb24b5ff0 Thread added: 0x0000014eb24b5ff0
Event: 0.092 Thread 0x0000014eb24b6f40 Thread added: 0x0000014eb24b6f40
Event: 0.092 Thread 0x0000014eb24be7c0 Thread added: 0x0000014eb24be7c0
Event: 0.093 Thread 0x0000014eb24bdd20 Thread added: 0x0000014eb24bdd20
Event: 0.093 Thread 0x0000014eb24c6550 Thread added: 0x0000014eb24c6550
Event: 0.093 Thread 0x0000014eb24c77a0 Thread added: 0x0000014eb24c77a0
Event: 0.771 Thread 0x0000014eb24be270 Thread added: 0x0000014eb24be270
Event: 0.901 Thread 0x0000014eb6a757c0 Thread added: 0x0000014eb6a757c0
Event: 1.213 Thread 0x0000014eb24bd7d0 Thread added: 0x0000014eb24bd7d0
Event: 1.213 Thread 0x0000014eb24bd280 Thread added: 0x0000014eb24bd280
Event: 1.228 Thread 0x0000014eb6a757c0 Thread exited: 0x0000014eb6a757c0
Event: 1.374 Thread 0x0000014eb7178bb0 Thread added: 0x0000014eb7178bb0
Event: 2.644 Thread 0x0000014eb7178bb0 Thread exited: 0x0000014eb7178bb0
Event: 2.749 Thread 0x0000014eb7ae9e80 Thread added: 0x0000014eb7ae9e80
Event: 2.951 Thread 0x0000014eb24bc7e0 Thread added: 0x0000014eb24bc7e0


Dynamic libraries:
0x00007ff7d7030000 - 0x00007ff7d703e000 	C:\Users\User\.jdks\openjdk-20.0.1\bin\java.exe
0x00007ffa5cb20000 - 0x00007ffa5cd88000 	C:\WINDOWS\SYSTEM32\ntdll.dll
0x00007ffa5bc80000 - 0x00007ffa5bd49000 	C:\WINDOWS\System32\KERNEL32.DLL
0x00007ffa5a3c0000 - 0x00007ffa5a7b2000 	C:\WINDOWS\System32\KERNELBASE.dll
0x00007ffa5a270000 - 0x00007ffa5a3bb000 	C:\WINDOWS\System32\ucrtbase.dll
0x00007ffa21a50000 - 0x00007ffa21a67000 	C:\Users\User\.jdks\openjdk-20.0.1\bin\jli.dll
0x00007ffa20f80000 - 0x00007ffa20f9b000 	C:\Users\User\.jdks\openjdk-20.0.1\bin\VCRUNTIME140.dll
0x00007ffa4a1f0000 - 0x00007ffa4a483000 	C:\WINDOWS\WinSxS\amd64_microsoft.windows.common-controls_6595b64144ccf1df_6.0.26100.6899_none_3e0efeeae32e88c1\COMCTL32.dll
0x00007ffa5a8f0000 - 0x00007ffa5a999000 	C:\WINDOWS\System32\msvcrt.dll
0x00007ffa5c780000 - 0x00007ffa5c945000 	C:\WINDOWS\System32\USER32.dll
0x00007ffa5c2e0000 - 0x00007ffa5c30b000 	C:\WINDOWS\System32\GDI32.dll
0x00007ffa59ec0000 - 0x00007ffa59ee7000 	C:\WINDOWS\System32\win32u.dll
0x00007ffa5a7c0000 - 0x00007ffa5a8ed000 	C:\WINDOWS\System32\gdi32full.dll
0x00007ffa59e10000 - 0x00007ffa59eb3000 	C:\WINDOWS\System32\msvcp_win.dll
0x00007ffa5bfa0000 - 0x00007ffa5bfcf000 	C:\WINDOWS\System32\IMM32.DLL
0x00007ffa55070000 - 0x00007ffa5507c000 	C:\Users\User\.jdks\openjdk-20.0.1\bin\vcruntime140_1.dll
0x00007ffa20ef0000 - 0x00007ffa20f7e000 	C:\Users\User\.jdks\openjdk-20.0.1\bin\msvcp140.dll
0x00007ff9bfe00000 - 0x00007ff9c0a97000 	C:\Users\User\.jdks\openjdk-20.0.1\bin\server\jvm.dll
0x00007ffa5b840000 - 0x00007ffa5b8f4000 	C:\WINDOWS\System32\ADVAPI32.dll
0x00007ffa5c6d0000 - 0x00007ffa5c776000 	C:\WINDOWS\System32\sechost.dll
0x00007ffa5c5b0000 - 0x00007ffa5c6c8000 	C:\WINDOWS\System32\RPCRT4.dll
0x00007ffa31a20000 - 0x00007ffa31a2a000 	C:\WINDOWS\SYSTEM32\WSOCK32.dll
0x00007ffa53120000 - 0x00007ffa53155000 	C:\WINDOWS\SYSTEM32\WINMM.dll
0x00007ffa53160000 - 0x00007ffa5316b000 	C:\WINDOWS\SYSTEM32\VERSION.dll
0x00007ffa5b7c0000 - 0x00007ffa5b834000 	C:\WINDOWS\System32\WS2_32.dll
0x00007ffa58a80000 - 0x00007ffa58a9b000 	C:\WINDOWS\SYSTEM32\kernel.appcore.dll
0x00007ffa54c90000 - 0x00007ffa54c9a000 	C:\Users\User\.jdks\openjdk-20.0.1\bin\jimage.dll
0x00007ffa4e1c0000 - 0x00007ffa4e402000 	C:\WINDOWS\SYSTEM32\DBGHELP.DLL
0x00007ffa5b900000 - 0x00007ffa5bc7b000 	C:\WINDOWS\System32\combase.dll
0x00007ffa5bec0000 - 0x00007ffa5bf97000 	C:\WINDOWS\System32\OLEAUT32.dll
0x00007ffa40cb0000 - 0x00007ffa40cec000 	C:\WINDOWS\SYSTEM32\dbgcore.DLL
0x00007ffa59d70000 - 0x00007ffa59e08000 	C:\WINDOWS\System32\bcryptPrimitives.dll
0x00007ffa4c300000 - 0x00007ffa4c30e000 	C:\Users\User\.jdks\openjdk-20.0.1\bin\instrument.dll
0x00007ffa04790000 - 0x00007ffa047b6000 	C:\Users\User\.jdks\openjdk-20.0.1\bin\java.dll
0x00007ff9d35c0000 - 0x00007ff9d3697000 	C:\Users\User\.jdks\openjdk-20.0.1\bin\jsvml.dll
0x00007ffa5b000000 - 0x00007ffa5b74d000 	C:\WINDOWS\System32\SHELL32.dll
0x00007ffa5a070000 - 0x00007ffa5a1db000 	C:\WINDOWS\System32\wintypes.dll
0x00007ffa57940000 - 0x00007ffa5819d000 	C:\WINDOWS\SYSTEM32\windows.storage.dll
0x00007ffa5c1a0000 - 0x00007ffa5c292000 	C:\WINDOWS\System32\SHCORE.dll
0x00007ffa5b750000 - 0x00007ffa5b7b2000 	C:\WINDOWS\System32\shlwapi.dll
0x00007ffa59bd0000 - 0x00007ffa59bf9000 	C:\WINDOWS\SYSTEM32\profapi.dll
0x00007ffa13ff0000 - 0x00007ffa14008000 	C:\Users\User\.jdks\openjdk-20.0.1\bin\zip.dll
0x00007ffa20b40000 - 0x00007ffa20b53000 	C:\Users\User\.jdks\openjdk-20.0.1\bin\net.dll
0x00007ffa4fe50000 - 0x00007ffa4ff6f000 	C:\WINDOWS\SYSTEM32\WINHTTP.dll
0x00007ffa58ff0000 - 0x00007ffa5905b000 	C:\WINDOWS\system32\mswsock.dll
0x00007ffa1a460000 - 0x00007ffa1a476000 	C:\Users\User\.jdks\openjdk-20.0.1\bin\nio.dll
0x00007ffa315b0000 - 0x00007ffa315b7000 	C:\Users\User\.jdks\openjdk-20.0.1\bin\extnet.dll

dbghelp: loaded successfully - version: 4.0.5 - missing functions: none
symbol engine: initialized successfully - sym options: 0x614 - pdb path: .;C:\Users\User\.jdks\openjdk-20.0.1\bin;C:\WINDOWS\SYSTEM32;C:\WINDOWS\WinSxS\amd64_microsoft.windows.common-controls_6595b64144ccf1df_6.0.26100.6899_none_3e0efeeae32e88c1;C:\Users\User\.jdks\openjdk-20.0.1\bin\server

VM Arguments:
jvm_args: -Dspring.profiles.active=dev -javaagent:D:\IntelliJ IDEA 2025.2.4\lib\idea_rt.jar=62207 -Dfile.encoding=UTF-8 -Dsun.stdout.encoding=UTF-8 -Dsun.stderr.encoding=UTF-8 
java_command: com.nw2.parcel.ParcelApplication
java_class_path (initial): C:\Users\User\Documents\CAPSTONE-BE_PARCEL\target\classes;C:\Users\User\.m2\repository\org\springframework\boot\spring-boot-starter-data-jpa\3.5.7\spring-boot-starter-data-jpa-3.5.7.jar;C:\Users\User\.m2\repository\org\springframework\boot\spring-boot-starter\3.5.7\spring-boot-starter-3.5.7.jar;C:\Users\User\.m2\repository\org\springframework\boot\spring-boot\3.5.7\spring-boot-3.5.7.jar;C:\Users\User\.m2\repository\org\springframework\boot\spring-boot-autoconfigure\3.5.7\spring-boot-autoconfigure-3.5.7.jar;C:\Users\User\.m2\repository\org\springframework\boot\spring-boot-starter-logging\3.5.7\spring-boot-starter-logging-3.5.7.jar;C:\Users\User\.m2\repository\ch\qos\logback\logback-classic\1.5.20\logback-classic-1.5.20.jar;C:\Users\User\.m2\repository\ch\qos\logback\logback-core\1.5.20\logback-core-1.5.20.jar;C:\Users\User\.m2\repository\org\apache\logging\log4j\log4j-to-slf4j\2.24.3\log4j-to-slf4j-2.24.3.jar;C:\Users\User\.m2\repository\org\apache\logging\log4j\log4j-api\2.24.3\log4j-api-2.24.3.jar;C:\Users\User\.m2\repository\org\slf4j\jul-to-slf4j\2.0.17\jul-to-slf4j-2.0.17.jar;C:\Users\User\.m2\repository\jakarta\annotation\jakarta.annotation-api\2.1.1\jakarta.annotation-api-2.1.1.jar;C:\Users\User\.m2\repository\org\yaml\snakeyaml\2.4\snakeyaml-2.4.jar;C:\Users\User\.m2\repository\org\springframework\boot\spring-boot-starter-jdbc\3.5.7\spring-boot-starter-jdbc-3.5.7.jar;C:\Users\User\.m2\repository\com\zaxxer\HikariCP\6.3.3\HikariCP-6.3.3.jar;C:\Users\User\.m2\repository\org\springframework\spring-jdbc\6.2.12\spring-jdbc-6.2.12.jar;C:\Users\User\.m2\repository\org\hibernate\orm\hibernate-core\6.6.33.Final\hibernate-core-6.6.33.Final.jar;C:\Users\User\.m2\repository\jakarta\persistence\jakarta.persistence-api\3.1.0\jakarta.persistence-api-3.1.0.jar;C:\Users\User\.m2\repository\jakarta\transaction\jakarta.transaction-api\2.0.1\jakarta.transaction-api-2.0.1.jar;C:\Users\User\.m2\repository\org\jboss\logging\jboss-logging\3.6.1.Final\jboss-logging-3.6.1.Final.jar;C:\Users\User\.m2\repository\org\hibernate\common\hibernate-commons-annotations\7.0.3.Final\hibernate-commons-annotations-7.0.3.Final.jar;C:\Users\User\.m2\repository\io\smallrye\jandex\3.2.0\jandex-3.2.0.jar;C:\Users\User\.m2\repository\com\fasterxml\classmate\1.7.1\classmate-1.7.1.jar;C:\Users\User\.m2\repository\net\bytebuddy\byte-buddy\1.17.8\byte-buddy-1.17.8.jar;C:\Users\User\.m2\repository\org\glassfish\jaxb\jaxb-runtime\4.0.6\jaxb-runtime-4.0.6.jar;C:\Users\User\.m2\repository\org\glassfish\jaxb\jaxb-core\4.0.6\jaxb-core-4.0.6.jar;C:\Users\User\.m2\repository\org\eclipse\angus\angus-activation\2.0.3\angus-activation-2.0.3.jar;C:\Users\User\.m2\repository\org\glassfish\jaxb\txw2\4.0.6\txw2-4.0.6.jar;C:\Users\User\.m2\repository\com\sun\istack\istack-commons-runtime\4.1.2\istack-commons-runtime-4.1.2.jar;C:\Users\User\.m2\repository\jakarta\inject\jakarta.inject-api\2.0.1\jakarta.inject-api-2.0.1.jar;C:\Users\User\.m2\repository\org\antlr\antlr4-runtime\4.13.0\antlr4-runtime-4.13.0.jar;C:\Users\User\.m2\repository\org\springframework\data\spring-data-jpa\3.5.5\spring-data-jpa-3.5.5.jar;C:\Users\User\.m2\repository\org\springframework\data\spring-data-commons\3.5.5\spring-data-commons-3.5.5.jar;C:\Users\User\.m2\repository\org\springframework\spring-orm\6.2.12\spring-orm-6.2.12.jar;C:\Users\User\.m2\repository\org\springframework\spring-context\6.2.12\spring-context-6.2.12.jar;C:\Users\User\.m2\repository\org\springframework\spring-tx\6.2.12\spring-tx-6.2.12.jar;C:\Users\User\.m2\repository\org\springframework\spring-beans\6.2.12\spring-beans-6.2.12.jar;C:\Users\User\.m2\repository\org\springframework\spring-aspects\6.2.12\spring-aspects-6.2.12.jar;C:\Users\User\.m2\repository\org\aspectj\aspectjweaver\1.9.24\aspectjweaver-1.9.24.jar;C:\Users\User\.m2\repository\org\springframework\boot\spring-boot-starter-security\3.5.7\spring-boot-starter-security-3.5.7.jar;C:\Users\User\.m2\repository\org\springframework\spring-aop\6.2.12\spring-aop-6.2.12.jar;C:\Users\User\.m2\repository\org\springframework\security\spring-security-config\6.5.6\spring-security-config-6.5.6.jar;C:\Users\User\.m2\repository\org\springframework\security\spring-security-web\6.5.6\spring-security-web-6.5.6.jar;C:\Users\User\.m2\repository\org\springframework\spring-expression\6.2.12\spring-expression-6.2.12.jar;C:\Users\User\.m2\repository\org\springframework\boot\spring-boot-starter-web\3.5.7\spring-boot-starter-web-3.5.7.jar;C:\Users\User\.m2\repository\org\springframework\boot\spring-boot-starter-json\3.5.7\spring-boot-starter-json-3.5.7.jar;C:\Users\User\.m2\repository\com\fasterxml\jackson\core\jackson-databind\2.19.2\jackson-databind-2.19.2.jar;C:\Users\User\.m2\repository\com\fasterxml\jackson\core\jackson-annotations\2.19.2\jackson-annotations-2.19.2.jar;C:\Users\User\.m2\repository\com\fasterxml\jackson\datatype\jackson-datatype-jdk8\2.19.2\jackson-datatype-jdk8-2.19.2.jar;C:\Users\User\.m2\repository\com\fasterxml\jackson\datatype\jackson-datatype-jsr310\2.19.2\jackson-datatype-jsr310-2.19.2.jar;C:\Users\User\.m2\repository\com\fasterxml\jackson\module\jackson-module-parameter-names\2.19.2\jackson-module-parameter-names-2.19.2.jar;C:\Users\User\.m2\repository\org\springframework\boot\spring-boot-starter-tomcat\3.5.7\spring-boot-starter-tomcat-3.5.7.jar;C:\Users\User\.m2\repository\org\apache\tomcat\embed\tomcat-embed-core\10.1.48\tomcat-embed-core-10.1.48.jar;C:\Users\User\.m2\repository\org\apache\tomcat\embed\tomcat-embed-websocket\10.1.48\tomcat-embed-websocket-10.1.48.jar;C:\Users\User\.m2\repository\org\springframework\spring-web\6.2.12\spring-web-6.2.12.jar;C:\Users\User\.m2\repository\io\micrometer\micrometer-observation\1.15.5\micrometer-observation-1.15.5.jar;C:\Users\User\.m2\repository\io\micrometer\micrometer-commons\1.15.5\micrometer-commons-1.15.5.jar;C:\Users\User\.m2\repository\org\springframework\spring-webmvc\6.2.12\spring-webmvc-6.2.12.jar;C:\Users\User\.m2\repository\com\mysql\mysql-connector-j\9.4.0\mysql-connector-j-9.4.0.jar;C:\Users\User\.m2\repository\jakarta\xml\bind\jakarta.xml.bind-api\4.0.4\jakarta.xml.bind-api-4.0.4.jar;C:\Users\User\.m2\repository\jakarta\activation\jakarta.activation-api\2.1.4\jakarta.activation-api-2.1.4.jar;C:\Users\User\.m2\repository\org\springframework\spring-core\6.2.12\spring-core-6.2.12.jar;C:\Users\User\.m2\repository\org\springframework\spring-jcl\6.2.12\spring-jcl-6.2.12.jar;C:\Users\User\.m2\repository\org\springframework\security\spring-security-core\6.5.6\spring-security-core-6.5.6.jar;C:\Users\User\.m2\repository\org\springframework\security\spring-security-crypto\6.5.6\spring-security-crypto-6.5.6.jar;C:\Users\User\.m2\repository\org\projectlombok\lombok\1.18.42\lombok-1.18.42.jar;C:\Users\User\.m2\repository\com\google\firebase\firebase-admin\9.3.0\firebase-admin-9.3.0.jar;C:\Users\User\.m2\repository\com\google\api-client\google-api-client\2.4.0\google-api-client-2.4.0.jar;C:\Users\User\.m2\repository\commons-codec\commons-codec\1.18.0\commons-codec-1.18.0.jar;C:\Users\User\.m2\repository\com\google\oauth-client\google-oauth-client\1.35.0\google-oauth-client-1.35.0.jar;C:\Users\User\.m2\repository\com\google\auth\google-auth-library-credentials\1.23.0\google-auth-library-credentials-1.23.0.jar;C:\Users\User\.m2\repository\com\google\http-client\google-http-client-gson\1.44.1\google-http-client-gson-1.44.1.jar;C:\Users\User\.m2\repository\com\google\http-client\google-http-client-apache-v2\1.44.1\google-http-client-apache-v2-1.44.1.jar;C:\Users\User\.m2\repository\org\apache\httpcomponents\httpcore\4.4.16\httpcore-4.4.16.jar;C:\Users\User\.m2\repository\org\apache\httpcomponents\httpclient\4.5.14\httpclient-4.5.14.jar;C:\Users\User\.m2\repository\commons-logging\commons-logging\1.2\commons-logging-1.2.jar;C:\Users\User\.m2\repository\com\google\api-client\google-api-client-gson\2.4.0\google-api-client-gson-2.4.0.jar;C:\Users\User\.m2\repository\com\google\http-client\google-http-client\1.44.1\google-http-client-1.44.1.jar;C:\Users\User\.m2\repository\com\google\code\findbugs\jsr305\3.0.2\jsr305-3.0.2.jar;C:\Users\User\.m2\repository\com\google\errorprone\error_prone_annotations\2.23.0\error_prone_annotations-2.23.0.jar;C:\Users\User\.m2\repository\com\google\j2objc\j2objc-annotations\2.8\j2objc-annotations-2.8.jar;C:\Users\User\.m2\repository\io\grpc\grpc-context\1.60.1\grpc-context-1.60.1.jar;C:\Users\User\.m2\repository\io\opencensus\opencensus-api\0.31.1\opencensus-api-0.31.1.jar;C:\Users\User\.m2\repository\io\opencensus\opencensus-contrib-http-util\0.31.1\opencensus-contrib-http-util-0.31.1.jar;C:\Users\User\.m2\repository\com\google\api\api-common\2.31.0\api-common-2.31.0.jar;C:\Users\User\.m2\repository\com\google\auto\value\auto-value-annotations\1.10.4\auto-value-annotations-1.10.4.jar;C:\Users\User\.m2\repository\javax\annotation\javax.annotation-api\1.3.2\javax.annotation-api-1.3.2.jar;C:\Users\User\.m2\repository\com\google\auth\google-auth-library-oauth2-http\1.23.0\google-auth-library-oauth2-http-1.23.0.jar;C:\Users\User\.m2\repository\com\google\cloud\google-cloud-storage\2.38.0\google-cloud-storage-2.38.0.jar;C:\Users\User\.m2\repository\com\google\guava\failureaccess\1.0.2\failureaccess-1.0.2.jar;C:\Users\User\.m2\repository\com\google\guava\listenablefuture\9999.0-empty-to-avoid-conflict-with-guava\listenablefuture-9999.0-empty-to-avoid-conflict-with-guava.jar;C:\Users\User\.m2\repository\com\google\http-client\google-http-client-jackson2\1.44.1\google-http-client-jackson2-1.44.1.jar;C:\Users\User\.m2\repository\com\google\apis\google-api-services-storage\v1-rev20240319-2.0.0\google-api-services-storage-v1-rev20240319-2.0.0.jar;C:\Users\User\.m2\repository\com\google\code\gson\gson\2.13.2\gson-2.13.2.jar;C:\Users\User\.m2\repository\com\google\cloud\google-cloud-core\2.38.0\google-cloud-core-2.38.0.jar;C:\Users\User\.m2\repository\com\google\cloud\google-cloud-core-http\2.38.0\google-cloud-core-http-2.38.0.jar;C:\Users\User\.m2\repository\com\google\http-client\google-http-client-appengine\1.44.1\google-http-client-appengine-1.44.1.jar;C:\Users\User\.m2\repository\com\google\api\gax-httpjson\2.48.0\gax-httpjson-2.48.0.jar;C:\Users\User\.m2\repository\com\google\cloud\google-cloud-core-grpc\2.38.0\google-cloud-core-grpc-2.38.0.jar;C:\Users\User\.m2\repository\com\google\api\gax\2.48.0\gax-2.48.0.jar;C:\Users\User\.m2\repository\com\google\api\gax-grpc\2.48.0\gax-grpc-2.48.0.jar;C:\Users\User\.m2\repository\io\grpc\grpc-inprocess\1.62.2\grpc-inprocess-1.62.2.jar;C:\Users\User\.m2\repository\io\grpc\grpc-alts\1.62.2\grpc-alts-1.62.2.jar;C:\Users\User\.m2\repository\io\grpc\grpc-grpclb\1.62.2\grpc-grpclb-1.62.2.jar;C:\Users\User\.m2\repository\org\conscrypt\conscrypt-openjdk-uber\2.5.2\conscrypt-openjdk-uber-2.5.2.jar;C:\Users\User\.m2\repository\io\grpc\grpc-auth\1.62.2\grpc-auth-1.62.2.jar;C:\Users\User\.m2\repository\com\google\api\grpc\proto-google-iam-v1\1.34.0\proto-google-iam-v1-1.34.0.jar;C:\Users\User\.m2\repository\com\google\protobuf\protobuf-java\3.25.3\protobuf-java-3.25.3.jar;C:\Users\User\.m2\repository\com\google\protobuf\protobuf-java-util\3.25.3\protobuf-java-util-3.25.3.jar;C:\Users\User\.m2\repository\io\grpc\grpc-core\1.62.2\grpc-core-1.62.2.jar;C:\Users\User\.m2\repository\com\google\android\annotations\4.1.1.4\annotations-4.1.1.4.jar;C:\Users\User\.m2\repository\org\codehaus\mojo\animal-sniffer-annotations\1.23\animal-sniffer-annotations-1.23.jar;C:\Users\User\.m2\repository\io\perfmark\perfmark-api\0.27.0\perfmark-api-0.27.0.jar;C:\Users\User\.m2\repository\io\grpc\grpc-protobuf\1.62.2\grpc-protobuf-1.62.2.jar;C:\Users\User\.m2\repository\io\grpc\grpc-protobuf-lite\1.62.2\grpc-protobuf-lite-1.62.2.jar;C:\Users\User\.m2\repository\com\google\api\grpc\proto-google-common-protos\2.39.0\proto-google-common-protos-2.39.0.jar;C:\Users\User\.m2\repository\org\threeten\threetenbp\1.6.9\threetenbp-1.6.9.jar;C:\Users\User\.m2\repository\com\google\api\grpc\proto-google-cloud-storage-v2\2.38.0-alpha\proto-google-cloud-storage-v2-2.38.0-alpha.jar;C:\Users\User\.m2\repository\com\google\api\grpc\grpc-google-cloud-storage-v2\2.38.0-alpha\grpc-google-cloud-storage-v2-2.38.0-alpha.jar;C:\Users\User\.m2\repository\com\google\api\grpc\gapic-google-cloud-storage-v2\2.38.0-alpha\gapic-google-cloud-storage-v2-2.38.0-alpha.jar;C:\Users\User\.m2\repository\com\fasterxml\jackson\core\jackson-core\2.19.2\jackson-core-2.19.2.jar;C:\Users\User\.m2\repository\io\grpc\grpc-api\1.62.2\grpc-api-1.62.2.jar;C:\Users\User\.m2\repository\io\grpc\grpc-netty-shaded\1.62.2\grpc-netty-shaded-1.62.2.jar;C:\Users\User\.m2\repository\io\grpc\grpc-util\1.62.2\grpc-util-1.62.2.jar;C:\Users\User\.m2\repository\io\grpc\grpc-stub\1.62.2\grpc-stub-1.62.2.jar;C:\Users\User\.m2\repository\io\grpc\grpc-googleapis\1.62.2\grpc-googleapis-1.62.2.jar;C:\Users\User\.m2\repository\org\checkerframework\checker-qual\3.42.0\checker-qual-3.42.0.jar;C:\Users\User\.m2\repository\io\grpc\grpc-xds\1.62.2\grpc-xds-1.62.2.jar;C:\Users\User\.m2\repository\io\opencensus\opencensus-proto\0.2.0\opencensus-proto-0.2.0.jar;C:\Users\User\.m2\repository\io\grpc\grpc-services\1.62.2\grpc-services-1.62.2.jar;C:\Users\User\.m2\repository\com\google\re2j\re2j\1.7\re2j-1.7.jar;C:\Users\User\.m2\repository\io\grpc\grpc-rls\1.62.2\grpc-rls-1.62.2.jar;C:\Users\User\.m2\repository\com\google\cloud\google-cloud-firestore\3.21.1\google-cloud-firestore-3.21.1.jar;C:\Users\User\.m2\repository\com\google\api\grpc\proto-google-cloud-firestore-v1\3.21.1\proto-google-cloud-firestore-v1-3.21.1.jar;C:\Users\User\.m2\repository\com\google\cloud\proto-google-cloud-firestore-bundle-v1\3.21.1\proto-google-cloud-firestore-bundle-v1-3.21.1.jar;C:\Users\User\.m2\repository\io\opencensus\opencensus-contrib-grpc-util\0.31.1\opencensus-contrib-grpc-util-0.31.1.jar;C:\Users\User\.m2\repository\com\google\guava\guava\33.1.0-jre\guava-33.1.0-jre.jar;C:\Users\User\.m2\repository\org\slf4j\slf4j-api\2.0.17\slf4j-api-2.0.17.jar;C:\Users\User\.m2\repository\io\netty\netty-codec-http\4.1.128.Final\netty-codec-http-4.1.128.Final.jar;C:\Users\User\.m2\repository\io\netty\netty-common\4.1.128.Final\netty-common-4.1.128.Final.jar;C:\Users\User\.m2\repository\io\netty\netty-buffer\4.1.128.Final\netty-buffer-4.1.128.Final.jar;C:\Users\User\.m2\repository\io\netty\netty-codec\4.1.128.Final\netty-codec-4.1.128.Final.jar;C:\Users\User\.m2\repository\io\netty\netty-handler\4.1.128.Final\netty-handler-4.1.128.Final.jar;C:\Users\User\.m2\repository\io\netty\netty-resolver\4.1.128.Final\netty-resolver-4.1.128.Final.jar;C:\Users\User\.m2\repository\io\netty\netty-transport-native-unix-common\4.1.128.Final\netty-transport-native-unix-common-4.1.128.Final.jar;C:\Users\User\.m2\repository\io\netty\netty-transport\4.1.128.Final\netty-transport-4.1.128.Final.jar;C:\Users\User\.m2\repository\jakarta\validation\jakarta.validation-api\3.1.0\jakarta.validation-api-3.1.0.jar;C:\Users\User\.m2\repository\org\springframework\boot\spring-boot-starter-validation\3.5.7\spring-boot-starter-validation-3.5.7.jar;C:\Users\User\.m2\repository\org\apache\tomcat\embed\tomcat-embed-el\10.1.48\tomcat-embed-el-10.1.48.jar;C:\Users\User\.m2\repository\org\hibernate\validator\hibernate-validator\8.0.3.Final\hibernate-validator-8.0.3.Final.jar
Launcher Type: SUN_STANDARD

[Global flags]
     intx CICompilerCount                          = 4                                         {product} {ergonomic}
     uint ConcGCThreads                            = 2                                         {product} {ergonomic}
     uint G1ConcRefinementThreads                  = 8                                         {product} {ergonomic}
   size_t G1HeapRegionSize                         = 1048576                                   {product} {ergonomic}
    uintx GCDrainStackTargetSize                   = 64                                        {product} {ergonomic}
   size_t InitialHeapSize                          = 100663296                                 {product} {ergonomic}
   size_t MarkStackSize                            = 4194304                                   {product} {ergonomic}
   size_t MaxHeapSize                              = 1581252608                                {product} {ergonomic}
   size_t MaxNewSize                               = 947912704                                 {product} {ergonomic}
   size_t MinHeapDeltaBytes                        = 1048576                                   {product} {ergonomic}
   size_t MinHeapSize                              = 8388608                                   {product} {ergonomic}
    uintx NonNMethodCodeHeapSize                   = 5839372                                {pd product} {ergonomic}
    uintx NonProfiledCodeHeapSize                  = 122909434                              {pd product} {ergonomic}
    uintx ProfiledCodeHeapSize                     = 122909434                              {pd product} {ergonomic}
    uintx ReservedCodeCacheSize                    = 251658240                              {pd product} {ergonomic}
     bool SegmentedCodeCache                       = true                                      {product} {ergonomic}
   size_t SoftMaxHeapSize                          = 1581252608                             {manageable} {ergonomic}
     bool UseCompressedClassPointers               = true                           {product lp64_product} {ergonomic}
     bool UseCompressedOops                        = true                           {product lp64_product} {ergonomic}
     bool UseG1GC                                  = true                                      {product} {ergonomic}
     bool UseLargePagesIndividualAllocation        = false                                  {pd product} {ergonomic}

Logging:
Log output configuration:
 #0: stdout all=warning uptime,level,tags foldmultilines=false
 #1: stderr all=off uptime,level,tags foldmultilines=false

Environment Variables:
PATH=C:\Python312\Scripts\;C:\Python312\;C:\Program Files\Common Files\Oracle\Java\javapath;C:\WINDOWS\system32;C:\WINDOWS;C:\WINDOWS\System32\Wbem;C:\WINDOWS\System32\WindowsPowerShell\v1.0\;C:\WINDOWS\System32\OpenSSH\;C:\Program Files\dotnet\;C:\Program Files\PuTTY\;C:\Users\User\Desktop\BaseX\bin;C:\Program Files\Git\cmd;C:\ProgramData\chocolatey\bin;C:\Program Files\nodejs\;C:\Program Files\MySQL\MySQL Shell 8.0\bin\;C:\Users\User\AppData\Local\Microsoft\WindowsApps;C:\Users\User\AppData\Local\Programs\Microsoft VS Code\bin;C:\Users\User\AppData\Local\JetBrains\Toolbox\scripts;C:\Users\User\AppData\Local\GitHubDesktop\bin;C:\Users\User\AppData\Local\Microsoft\WindowsApps;C:\Users\User\AppData\Local\Programs\mongosh\;C:\src\flutter\bin;C:\Users\User\AppData\Local\Android\Sdk\tools\;C:\Users\User\AppData\Local\Android\Sdk\tools\bin;C:\Users\User\AppData\Local\Android\Sdk\platform-tools;C:\Users\User\AppData\Roaming\npm;C:\Program Files\MySQL\MySQL Server 8.0\bin;
USERNAME=User
OS=Windows_NT
PROCESSOR_IDENTIFIER=AMD64 Family 23 Model 24 Stepping 1, AuthenticAMD
TMP=C:\Users\User\AppData\Local\Temp
TEMP=C:\Users\User\AppData\Local\Temp




---------------  S Y S T E M  ---------------

OS:
 Windows 11 , 64 bit Build 26100 (10.0.26100.6725)
OS uptime: 3 days 0:15 hours

CPU: total 8 (initial active 8) (8 cores per cpu, 2 threads per core) family 23 model 24 stepping 1 microcode 0x810810e, cx8, cmov, fxsr, ht, mmx, 3dnowpref, sse, sse2, sse3, ssse3, sse4a, sse4.1, sse4.2, popcnt, lzcnt, tsc, tscinvbit, avx, avx2, aes, clmul, bmi1, bmi2, adx, sha, fma, vzeroupper, clflush, clflushopt, rdtscp, f16c

Memory: 4k page, system-wide physical 6030M (597M free)
TotalPageFile size 24462M (AvailPageFile size 0M)
current process WorkingSet (physical memory assigned to process): 120M, peak: 120M
current process commit charge ("private bytes"): 221M, peak: 221M

vm_info: OpenJDK 64-Bit Server VM (20.0.1+9-29) for windows-amd64 JRE (20.0.1+9-29), built on 2023-03-07T13:56:11Z by "mach5one" with MS VC++ 17.1 (VS2022)

END.
